Token(type=WHILE, lexeme=while, literal=null, line=1)
Token(type=LEFT_PAREN, lexeme=(, literal=null, line=1)
Token(type=IDENTIFIER, lexeme=a, literal=null, line=1)
Token(type=LESS_EQUAL, lexeme=<=, literal=null, line=1)
Token(type=IDENTIFIER, lexeme=b, literal=null, line=1)
Token(type=AND, lexeme=and, literal=null, line=1)
Token(type=IDENTIFIER, lexeme=a, literal=null, line=1)
Token(type=GREATER_EQUAL, lexeme=>=, literal=null, line=1)
Token(type=NUMBER, lexeme=0, literal=0.0, line=1)
Token(type=RIGHT_PAREN, lexeme=), literal=null, line=1)
Token(type=LEFT_BRACE, lexeme={, literal=null, line=1)
Token(type=RIGHT_BRACE, lexeme=}, literal=null, line=1)
Token(type=EOF, lexeme=, literal=null, line=1)