Token(type=WHILST, lexeme=whilst, literal=null, line=1:1)
Token(type=LEFT_PAREN, lexeme=(, literal=null, line=1:1)
Token(type=SIGIL, lexeme=sigil, literal=null, line=1:1)
Token(type=IDENTIFIER, lexeme=i, literal=null, line=1:1)
Token(type=GREATER, lexeme=>, literal=null, line=1:1)
Token(type=NUMBER, lexeme=3, literal=3.0, line=1:1)
Token(type=RIGHT_PAREN, lexeme=), literal=null, line=1:1)
Token(type=LEFT_BRACE, lexeme={, literal=null, line=1:1)
Token(type=NEWLINE, lexeme=\n, literal=null, line=1:1)
Token(type=NEWLINE, lexeme=\n, literal=null, line=2:2)
Token(type=IDENTIFIER, lexeme=print, literal=null, line=3:3)
Token(type=IDENTIFIER, lexeme=i, literal=null, line=3:3)
Token(type=SEMICOLON, lexeme=;, literal=null, line=3:3)
Token(type=NEWLINE, lexeme=\n, literal=null, line=3:3)
Token(type=RIGHT_BRACE, lexeme=}, literal=null, line=4:4)
Token(type=EOF, lexeme=, literal=null, line=4:4)