Token(type=STRING, lexeme="", literal=, line=1)
Token(type=STRING, lexeme="\\", literal=\, line=2)
Token(type=STRING, lexeme="\n\t\\\"", literal=
	\", line=3)
Token(type=NUMBER, lexeme=007, literal=7.0, line=4)
Token(type=NUMBER, lexeme=5, literal=5.0, line=5)
Token(type=DOT, lexeme=., literal=null, line=5)
Token(type=DOT, lexeme=., literal=null, line=6)
Token(type=NUMBER, lexeme=5, literal=5.0, line=6)
Token(type=VAR, lexeme=var, literal=null, line=7)
Token(type=IDENTIFIER, lexeme=greeting, literal=null, line=7)
Token(type=EQUAL, lexeme==, literal=null, line=7)
Token(type=STRING, lexeme="hello", literal=hello, line=7)
Token(type=EOF, lexeme=, literal=null, line=8)