Token(type=STRING, lexeme="", literal=, line=1:1)
Token(type=NEWLINE, lexeme=\n, literal=null, line=1:1)
Token(type=STRING, lexeme="\\", literal=\, line=2:2)
Token(type=NEWLINE, lexeme=\n, literal=null, line=2:2)
Token(type=STRING, lexeme="\n\t\\\"", literal=\n\t\", line=3:3)
Token(type=NEWLINE, lexeme=\n, literal=null, line=3:3)
Token(type=NUMBER, lexeme=007, literal=7.0, line=4:4)
Token(type=NEWLINE, lexeme=\n, literal=null, line=4:4)
Token(type=NUMBER, lexeme=5, literal=5.0, line=5:5)
Token(type=DOT, lexeme=., literal=null, line=5:5)
Token(type=NEWLINE, lexeme=\n, literal=null, line=5:5)
Token(type=DOT, lexeme=., literal=null, line=6:6)
Token(type=NUMBER, lexeme=5, literal=5.0, line=6:6)
Token(type=NEWLINE, lexeme=\n, literal=null, line=6:6)
Token(type=SIGIL, lexeme=sigil, literal=null, line=7:7)
Token(type=IDENTIFIER, lexeme=greeting, literal=null, line=7:7)
Token(type=EQUAL, lexeme==, literal=null, line=7:7)
Token(type=STRING, lexeme="hello", literal=hello, line=7:7)
Token(type=NEWLINE, lexeme=\n, literal=null, line=7:7)
Token(type=EOF, lexeme=, literal=null, line=8:8)