Token(type=STRING, lexeme="a\"b", literal=a"b, line=2)
Token(type=STRING, lexeme="abc\\", literal=abc\, line=3)
Token(type=NUMBER, lexeme=3.14, literal=3.14, line=4)
Token(type=VAR, lexeme=var, literal=null, line=7)
Token(type=IDENTIFIER, lexeme=x, literal=null, line=7)
Token(type=EQUAL, lexeme==, literal=null, line=7)
Token(type=NUMBER, lexeme=5, literal=5.0, line=7)
Token(type=STRING, lexeme="\"", literal=", line=8)
Token(type=IDENTIFIER, lexeme=thi, literal=null, line=9)
Token(type=IDENTIFIER, lexeme=s, literal=null, line=9)
Token(type=IDENTIFIER, lexeme=is, literal=null, line=9)
Token(type=IDENTIFIER, lexeme=a, literal=null, line=9)
Token(type=IDENTIFIER, lexeme=str, literal=null, line=9)
Token(type=IDENTIFIER, lexeme=ing, literal=null, line=9)
Token(type=EOF, lexeme=, literal=null, line=9)