Token(type=NEWLINE, lexeme=\n, literal=null, line=1:1)
Token(type=IDENTIFIER, lexeme=variable3, literal=null, line=2:2)
Token(type=NEWLINE, lexeme=\n, literal=null, line=2:2)
Token(type=IDENTIFIER, lexeme=my, literal=null, line=3:3)
Token(type=PLUS, lexeme=+, literal=null, line=3:3)
Token(type=IDENTIFIER, lexeme=variable, literal=null, line=3:3)
Token(type=NEWLINE, lexeme=\n, literal=null, line=3:3)
Token(type=IDENTIFIER, lexeme=my-variable, literal=null, line=4:4)
Token(type=NEWLINE, lexeme=\n, literal=null, line=4:4)
Token(type=IDENTIFIER, lexeme=this, literal=null, line=5:5)
Token(type=PLUS, lexeme=+, literal=null, line=5:5)
Token(type=IDENTIFIER, lexeme=that, literal=null, line=5:5)
Token(type=EOF, lexeme=, literal=null, line=5:5)