Token(type=VAR, lexeme=var, literal=null, line=1)
Token(type=IDENTIFIER, lexeme=greeting, literal=null, line=1)
Token(type=EQUAL, lexeme==, literal=null, line=1)
Token(type=STRING, lexeme="hello", literal=hello, line=1)
Token(type=PRINT, lexeme=print, literal=null, line=2)
Token(type=IDENTIFIER, lexeme=greeting, literal=null, line=2)
Token(type=STRING, lexeme="thi\s is a str\ing", literal=this is a string, line=3)
Token(type=STRING, lexeme="a\"b", literal=a"b, line=4)
Token(type=STRING, lexeme="abc\\", literal=abc\, line=5)
Token(type=NUMBER, lexeme=3.14, literal=3.14, line=6)
Token(type=VAR, lexeme=var, literal=null, line=9)
Token(type=IDENTIFIER, lexeme=x, literal=null, line=9)
Token(type=EQUAL, lexeme==, literal=null, line=9)
Token(type=NUMBER, lexeme=5, literal=5.0, line=9)
Token(type=EOF, lexeme=, literal=null, line=9)