Token(type=LESS, lexeme=<, literal=null, line=1)
Token(type=LESS_EQUAL, lexeme=<=, literal=null, line=1)
Token(type=GREATER, lexeme=>, literal=null, line=1)
Token(type=GREATER_EQUAL, lexeme=>=, literal=null, line=1)
Token(type=EQUAL, lexeme==, literal=null, line=2)
Token(type=LEFT_PAREN, lexeme=(, literal=null, line=2)
Token(type=RIGHT_PAREN, lexeme=), literal=null, line=2)
Token(type=LEFT_BRACE, lexeme={, literal=null, line=3)
Token(type=RIGHT_BRACE, lexeme=}, literal=null, line=3)
Token(type=COLON, lexeme=:, literal=null, line=3)
Token(type=EQUAL_EQUAL, lexeme===, literal=null, line=4)
Token(type=NOT_EQUAL, lexeme=!=, literal=null, line=4)
Token(type=EOF, lexeme=, literal=null, line=4)
